[2m[WebServer] [22m
[2m[WebServer] [22m> vite_react_shadcn_ts@0.0.0 dev
[2m[WebServer] [22m> vite
[2m[WebServer] [22m
[2m[WebServer] [22m
[2m[WebServer] [22m  [32m[1mVITE[22m v6.4.1[39m  [2mready in [0m[1m268[22m[2m[0m ms[22m
[2m[WebServer] [22m
[2m[WebServer] [22m  [32m➜[39m  [1mLocal[22m:   [36mhttp://localhost:[1m5173[22m/[39m
[2m[WebServer] [22m  [32m➜[39m  [1mNetwork[22m: [36mhttp://192.168.0.157:[1m5173[22m/[39m

Running 1 test using 1 worker

  x  1 [chromium] › tests\soft-delete.spec.ts:12:5 › Soft Delete Functionality › Soft delete product (2.4s)


  1) [chromium] › tests\soft-delete.spec.ts:12:5 › Soft Delete Functionality › Soft delete product ─

    Error: [2mexpect([22m[31mlocator[39m[2m).[22mtoContainText[2m([22m[32mexpected[39m[2m)[22m failed

    Locator: locator('h1')
    Expected substring: [32m"Inventory"[39m
    Error: strict mode violation: locator('h1') resolved to 3 elements:
        1) <h1 class="text-2xl font-bold text-primary">KK Foods</h1> aka getByRole('heading', { name: 'KK Foods' })
        2) <h1 class="font-bold text-lg">KK Foods</h1> aka getByRole('main').getByText('KK Foods')
        3) <h1 class="text-3xl font-bold">Inventory</h1> aka getByRole('heading', { name: 'Inventory' })

    Call log:
    [2m  - Expect "toContainText" with timeout 5000ms[22m
    [2m  - waiting for locator('h1')[22m


      13 |         // 1. Navigate to Inventory
      14 |         await helpers.navigateTo('Inventory');
    > 15 |         await expect(page.locator('h1')).toContainText('Inventory');
         |                                          ^
      16 |
      17 |         // 2. Add a new product
      18 |         const uniqueId = Date.now().toString();
        at G:\Projects\KKFoodBillingAndInventory\tests\soft-delete.spec.ts:15:42

    attachment #1: screenshot (image/png) ──────────────────────────────────────────────────────────
    test-results\soft-delete-Soft-Delete-Functionality-Soft-delete-product-chromium\test-failed-1.png
    ────────────────────────────────────────────────────────────────────────────────────────────────

    attachment #2: video (video/webm) ──────────────────────────────────────────────────────────────
    test-results\soft-delete-Soft-Delete-Functionality-Soft-delete-product-chromium\video.webm
    ────────────────────────────────────────────────────────────────────────────────────────────────

    Error Context: test-results\soft-delete-Soft-Delete-Functionality-Soft-delete-product-chromium\error-context.md

  1 failed
    [chromium] › tests\soft-delete.spec.ts:12:5 › Soft Delete Functionality › Soft delete product ──
